test_audit_still_rejects_unsafe_or_non_markdown_paths (test_outline_position_audit.OutlinePositionAuditTests.test_audit_still_rejects_unsafe_or_non_markdown_paths) ... ok
test_candidate_file_and_directory_symlinks_are_rejected (test_outline_position_audit.OutlinePositionAuditTests.test_candidate_file_and_directory_symlinks_are_rejected) ... ok
test_classification_source_date_cannot_come_from_author_fields_on_same_line (test_outline_position_audit.OutlinePositionAuditTests.test_classification_source_date_cannot_come_from_author_fields_on_same_line) ... ok
test_classification_terms_in_rationale_do_not_supply_qimao_columns (test_outline_position_audit.OutlinePositionAuditTests.test_classification_terms_in_rationale_do_not_supply_qimao_columns) ... ok
test_closed_indented_example_headings_and_fields_stay_inert (test_outline_position_audit.OutlinePositionAuditTests.test_closed_indented_example_headings_and_fields_stay_inert) ... ok
test_code_comment_openers_do_not_hide_the_real_section (test_outline_position_audit.OutlinePositionAuditTests.test_code_comment_openers_do_not_hide_the_real_section) ... ok
test_comment_fences_and_headings_do_not_hide_the_real_section (test_outline_position_audit.OutlinePositionAuditTests.test_comment_fences_and_headings_do_not_hide_the_real_section) ... ok
test_commented_or_fenced_second_platform_does_not_satisfy_coverage (test_outline_position_audit.OutlinePositionAuditTests.test_commented_or_fenced_second_platform_does_not_satisfy_coverage) ... ok
test_commented_template_cannot_supply_a_position_section (test_outline_position_audit.OutlinePositionAuditTests.test_commented_template_cannot_supply_a_position_section) ... ok
test_comments_code_and_indented_examples_cannot_supply_position_fields (test_outline_position_audit.OutlinePositionAuditTests.test_comments_code_and_indented_examples_cannot_supply_position_fields) ... ok
test_complete_qimao_template_is_structural_only (test_outline_position_audit.OutlinePositionAuditTests.test_complete_qimao_template_is_structural_only) ... ok
test_direct_audit_rejects_unknown_required_platforms (test_outline_position_audit.OutlinePositionAuditTests.test_direct_audit_rejects_unknown_required_platforms) ... ok
test_duplicate_platform_blocks_are_not_combined_or_counted_as_coverage (test_outline_position_audit.OutlinePositionAuditTests.test_duplicate_platform_blocks_are_not_combined_or_counted_as_coverage) ... ok
test_empty_tag_subsection_does_not_count_as_column (test_outline_position_audit.OutlinePositionAuditTests.test_empty_tag_subsection_does_not_count_as_column) ... ok
test_explicit_candidate_and_archived_paths_are_read_only_not_adoption (test_outline_position_audit.OutlinePositionAuditTests.test_explicit_candidate_and_archived_paths_are_read_only_not_adoption) ... ok
test_explicit_parenthetical_extra_targets_cannot_hide_behind_required_coverage (test_outline_position_audit.OutlinePositionAuditTests.test_explicit_parenthetical_extra_targets_cannot_hide_behind_required_coverage) ... ok
test_extra_specified_platform_is_audited_alongside_both_defaults (test_outline_position_audit.OutlinePositionAuditTests.test_extra_specified_platform_is_audited_alongside_both_defaults) ... ok
test_fanqie_canonical_entrances_and_consistent_aliases_remain_compatible (test_outline_position_audit.OutlinePositionAuditTests.test_fanqie_canonical_entrances_and_consistent_aliases_remain_compatible) ... ok
test_fanqie_clear_entrance_with_pending_tag_notes_still_selects_rules (test_outline_position_audit.OutlinePositionAuditTests.test_fanqie_clear_entrance_with_pending_tag_notes_still_selects_rules) ... ok
test_fanqie_conflicting_entrances_do_not_select_rules (test_outline_position_audit.OutlinePositionAuditTests.test_fanqie_conflicting_entrances_do_not_select_rules) ... ok
test_fanqie_novel_accepts_labelled_subsections (test_outline_position_audit.OutlinePositionAuditTests.test_fanqie_novel_accepts_labelled_subsections) ... ok
test_fanqie_short_entrance_containing_novel_name_still_checks_five_columns (test_outline_position_audit.OutlinePositionAuditTests.test_fanqie_short_entrance_containing_novel_name_still_checks_five_columns) ... ok
test_fanqie_uncertain_entrance_does_not_select_rules (test_outline_position_audit.OutlinePositionAuditTests.test_fanqie_uncertain_entrance_does_not_select_rules) ... ok
test_fence_info_string_or_other_marker_cannot_end_an_example (test_outline_position_audit.OutlinePositionAuditTests.test_fence_info_string_or_other_marker_cannot_end_an_example) ... ok
test_fenced_example_inside_section_cannot_supply_fields (test_outline_position_audit.OutlinePositionAuditTests.test_fenced_example_inside_section_cannot_supply_fields) ... ok
test_fenced_template_cannot_disguise_missing_section (test_outline_position_audit.OutlinePositionAuditTests.test_fenced_template_cannot_disguise_missing_section) ... ok
test_heading_cannot_mislabel_or_replace_a_target_platform (test_outline_position_audit.OutlinePositionAuditTests.test_heading_cannot_mislabel_or_replace_a_target_platform) ... ok
test_linked_outline_path_is_rejected (test_outline_position_audit.OutlinePositionAuditTests.test_linked_outline_path_is_rejected) ... ok
test_mentions_of_source_field_in_notes_cannot_supply_its_date (test_outline_position_audit.OutlinePositionAuditTests.test_mentions_of_source_field_in_notes_cannot_supply_its_date) ... ok
test_missing_classification_and_invalid_date_are_reported (test_outline_position_audit.OutlinePositionAuditTests.test_missing_classification_and_invalid_date_are_reported) ... ok
test_mixed_target_platforms_never_fall_back_to_generic_success (test_outline_position_audit.OutlinePositionAuditTests.test_mixed_target_platforms_never_fall_back_to_generic_success) ... ok
test_non_atx_headings_and_nonclosing_hashes_do_not_create_sections (test_outline_position_audit.OutlinePositionAuditTests.test_non_atx_headings_and_nonclosing_hashes_do_not_create_sections) ... ok
test_non_utf8_outline_is_reported_as_input_error (test_outline_position_audit.OutlinePositionAuditTests.test_non_utf8_outline_is_reported_as_input_error) ... ok
test_optional_requirements_keep_old_single_platform_cli_compatible (test_outline_position_audit.OutlinePositionAuditTests.test_optional_requirements_keep_old_single_platform_cli_compatible) ... ok
test_other_platform_requires_real_classification_field (test_outline_position_audit.OutlinePositionAuditTests.test_other_platform_requires_real_classification_field) ... ok
test_parenthetical_source_fields_keep_their_date_and_stop_before_author_fields (test_outline_position_audit.OutlinePositionAuditTests.test_parenthetical_source_fields_keep_their_date_and_stop_before_author_fields) ... ok
test_platform_fields_and_source_dates_cannot_be_borrowed_from_other_blocks (test_outline_position_audit.OutlinePositionAuditTests.test_platform_fields_and_source_dates_cannot_be_borrowed_from_other_blocks) ... ok
test_position_heading_accepts_atx_indentation_and_closing_hashes (test_outline_position_audit.OutlinePositionAuditTests.test_position_heading_accepts_atx_indentation_and_closing_hashes) ... ok
test_position_section_ends_at_indented_closed_peer_heading (test_outline_position_audit.OutlinePositionAuditTests.test_position_section_ends_at_indented_closed_peer_heading) ... ok
test_real_section_after_plain_matching_closer_is_visible (test_outline_position_audit.OutlinePositionAuditTests.test_real_section_after_plain_matching_closer_is_visible) ... ok
test_separate_target_declarations_in_one_block_are_still_mixed (test_outline_position_audit.OutlinePositionAuditTests.test_separate_target_declarations_in_one_block_are_still_mixed) ... ok
test_source_date_accepts_its_own_semicolon_continuations (test_outline_position_audit.OutlinePositionAuditTests.test_source_date_accepts_its_own_semicolon_continuations) ... ok
test_source_date_does_not_consume_later_field_continuations (test_outline_position_audit.OutlinePositionAuditTests.test_source_date_does_not_consume_later_field_continuations) ... ok
test_status_annotations_do_not_become_additional_platforms (test_outline_position_audit.OutlinePositionAuditTests.test_status_annotations_do_not_become_additional_platforms) ... ok
test_status_in_general_to_check_field_does_not_satisfy_classification_status (test_outline_position_audit.OutlinePositionAuditTests.test_status_in_general_to_check_field_does_not_satisfy_classification_status) ... ok
test_status_words_are_only_ignored_as_complete_annotations (test_outline_position_audit.OutlinePositionAuditTests.test_status_words_are_only_ignored_as_complete_annotations) ... ok
test_tag_groups_do_not_take_fields_from_indented_peer_sections (test_outline_position_audit.OutlinePositionAuditTests.test_tag_groups_do_not_take_fields_from_indented_peer_sections) ... ok
test_two_complete_platform_blocks_are_checked_independently_and_read_only (test_outline_position_audit.OutlinePositionAuditTests.test_two_complete_platform_blocks_are_checked_independently_and_read_only) ... ok

----------------------------------------------------------------------
Ran 48 tests in 4.242s

OK
