command: ~/.local/bin/python3.12 -m unittest -v test_workbench_writing_status
exit_code: 0
test_analysis_not_applicable_and_cannot_be_marked_even_in_old_registry (test_workbench_writing_status.WorkbenchWritingStatusTests.test_analysis_not_applicable_and_cannot_be_marked_even_in_old_registry) ... ok
test_authentication_invalid_value_and_unknown_key_do_not_write (test_workbench_writing_status.WorkbenchWritingStatusTests.test_authentication_invalid_value_and_unknown_key_do_not_write) ... ok
test_candidate_qualification_after_first_clause_cannot_confirm_completion (test_workbench_writing_status.WorkbenchWritingStatusTests.test_candidate_qualification_after_first_clause_cannot_confirm_completion) ... ok
test_comments_and_lazy_quotes_cannot_declare_writing_status (test_workbench_writing_status.WorkbenchWritingStatusTests.test_comments_and_lazy_quotes_cannot_declare_writing_status) ... ok
test_completion_followed_by_cover_or_classification_tasks_remains_recorded (test_workbench_writing_status.WorkbenchWritingStatusTests.test_completion_followed_by_cover_or_classification_tasks_remains_recorded) ... ok
test_conflicting_current_statuses_are_unknown_with_both_sources (test_workbench_writing_status.WorkbenchWritingStatusTests.test_conflicting_current_statuses_are_unknown_with_both_sources) ... ok
test_cover_clause_cannot_hide_a_following_candidate_status_qualification (test_workbench_writing_status.WorkbenchWritingStatusTests.test_cover_clause_cannot_hide_a_following_candidate_status_qualification) ... ok
test_empty_long_and_short_books_are_unknown_without_inference (test_workbench_writing_status.WorkbenchWritingStatusTests.test_empty_long_and_short_books_are_unknown_without_inference) ... ok
test_explicit_denials_conflict_but_unannounced_or_unconfirmed_is_not_a_denial (test_workbench_writing_status.WorkbenchWritingStatusTests.test_explicit_denials_conflict_but_unannounced_or_unconfirmed_is_not_a_denial) ... ok
test_explicit_local_status_fields_preserve_source_and_line (test_workbench_writing_status.WorkbenchWritingStatusTests.test_explicit_local_status_fields_preserve_source_and_line) ... ok
test_history_candidate_example_platform_and_code_regions_are_skipped (test_workbench_writing_status.WorkbenchWritingStatusTests.test_history_candidate_example_platform_and_code_regions_are_skipped) ... ok
test_identity_is_rechecked_before_registry_write (test_workbench_writing_status.WorkbenchWritingStatusTests.test_identity_is_rechecked_before_registry_write) ... ok
test_manual_override_and_clear_restore_recorded_status_across_reload (test_workbench_writing_status.WorkbenchWritingStatusTests.test_manual_override_and_clear_restore_recorded_status_across_reload) ... ok
test_negative_current_completion_is_preserved_for_same_or_other_source_conflicts (test_workbench_writing_status.WorkbenchWritingStatusTests.test_negative_current_completion_is_preserved_for_same_or_other_source_conflicts) ... ok
test_negative_serialization_conflicts_only_with_serializing (test_workbench_writing_status.WorkbenchWritingStatusTests.test_negative_serialization_conflicts_only_with_serializing) ... ok
test_old_registry_computed_cache_is_ignored_and_optional_mark_is_validated (test_workbench_writing_status.WorkbenchWritingStatusTests.test_old_registry_computed_cache_is_ignored_and_optional_mark_is_validated) ... ok
test_only_bounded_current_sources_are_read_and_identity_check_does_not_scan (test_workbench_writing_status.WorkbenchWritingStatusTests.test_only_bounded_current_sources_are_read_and_identity_check_does_not_scan) ... ok
test_ordinary_library_roots_exposes_status_without_writing_book (test_workbench_writing_status.WorkbenchWritingStatusTests.test_ordinary_library_roots_exposes_status_without_writing_book) ... ok
test_planned_status_sections_do_not_override_current_outline_status (test_workbench_writing_status.WorkbenchWritingStatusTests.test_planned_status_sections_do_not_override_current_outline_status) ... ok
test_readding_and_restart_with_same_book_preserve_manual_mark (test_workbench_writing_status.WorkbenchWritingStatusTests.test_readding_and_restart_with_same_book_preserve_manual_mark) ... ok
test_registry_cas_rejects_external_changes (test_workbench_writing_status.WorkbenchWritingStatusTests.test_registry_cas_rejects_external_changes) ... ok
test_same_titles_keep_independent_manual_status (test_workbench_writing_status.WorkbenchWritingStatusTests.test_same_titles_keep_independent_manual_status) ... ok
test_targets_width_platform_fields_and_negative_statements_do_not_complete (test_workbench_writing_status.WorkbenchWritingStatusTests.test_targets_width_platform_fields_and_negative_statements_do_not_complete) ... ok
test_unavailable_and_replaced_books_cannot_change_mark (test_workbench_writing_status.WorkbenchWritingStatusTests.test_unavailable_and_replaced_books_cannot_change_mark) ... ok
test_unconfirmed_document_status_discards_preceding_fields (test_workbench_writing_status.WorkbenchWritingStatusTests.test_unconfirmed_document_status_discards_preceding_fields) ... ok
test_unfinished_record_does_not_invent_serialization_or_conflict_with_it (test_workbench_writing_status.WorkbenchWritingStatusTests.test_unfinished_record_does_not_invent_serialization_or_conflict_with_it) ... ok
test_unreadable_or_oversized_status_material_does_not_claim_verified (test_workbench_writing_status.WorkbenchWritingStatusTests.test_unreadable_or_oversized_status_material_does_not_claim_verified) ... ok

----------------------------------------------------------------------
Ran 27 tests in 1.227s

OK
